// Jest Snapshot v1, https://goo.gl/fbAQLP

exports[`MyFunction Tests should match the snapshot 1`] = `
{
  "name": "Test",
  "value": 42,
}
`;
